{
  "data": {
    "id": "card-id-123",
    "card_faces": [
      {
        "name": "Lightning Bolt",
        "mana_cost": "{R}",
        "type_line": "Instant",
        "oracle_text": "Lightning Bolt deals 3 damage to any target.",
        "image_uri": "https://example.com/lightning_bolt.jpg",
        "colors": ["R"]
      }
    ],
    "collector_number": "185",
    "color_identity": ["R"],
    "legal": ["modern", "legacy", "vintage", "commander"],
    "layout": null,
    "rarity": "common",
    "set": "TST",
    "cmc": 1,
    "digital": null,
    "name": "Lightning Bolt",
    "colors": ["R"],
    "type_line": "Instant"
  },
  "source": "scryfall"
} 